neevlalwani@neevs-MacBook-Air git-repo % git --versi
on
git version 2.39.5 (Apple Git-154)
neevlalwani@neevs-MacBook-Air git-repo % git status
fatal: not a git repository (or any of the parent directories): .git
neevlalwani@neevs-MacBook-Air git-repo % git add ind
ex.html
fatal: not a git repository (or any of the parent directories): .git
neevlalwani@neevs-MacBook-Air git-repo % git init
Initialized empty Git repository in /Users/neevlalwani/git-repo/.git/
neevlalwani@neevs-MacBook-Air git-repo % ls
index.html
neevlalwani@neevs-MacBook-Air git-repo % ls -la
total 8
drwxr-xr-x   4 neevlalwani  staff   128 May 28 19:02 .
drwxr-x---+ 36 neevlalwani  staff  1152 May 28 18:48 ..
drwxr-xr-x@  9 neevlalwani  staff   288 May 28 19:02 .git
-rw-r--r--@  1 neevlalwani  staff   205 May 28 18:58 index.html
neevlalwani@neevs-MacBook-Air git-repo % git add ind
ex.html
neevlalwani@neevs-MacBook-Air git-repo % git status
On branch main

No commits yet

Changes to be committed:
  (use "git rm --cached <file>..." to unstage)
        new file:   index.html

neevlalwani@neevs-MacBook-Air git-repo % git commit 
-m "First v1 of index.html"
[main (root-commit) 9c1c82b] First v1 of index.html
 Committer: neev lalwani <neevlalwani@neevs-MacBook-Air.local>
Your name and email address were configured automatically based
on your username and hostname. Please check that they are accurate.
You can suppress this message by setting them explicitly. Run the
following command and follow the instructions in your editor to edit
your configuration file:

    git config --global --edit

After doing this, you may fix the identity used for this commit with:

    git commit --amend --reset-author

 1 file changed, 11 insertions(+)
 create mode 100644 index.html
neevlalwani@neevs-MacBook-Air git-repo % git branch
* main
neevlalwani@neevs-MacBook-Air git-repo % git log
commit 9c1c82ba68e3981eb329db193236d47a4f57fbec (HEAD -> main)
Author: neev lalwani <neevlalwani@neevs-MacBook-Air.local>
Date:   Wed May 28 19:08:18 2025 +0530

    First v1 of index.html
neevlalwani@neevs-MacBook-Air git-repo % git status
On branch main
Changes not staged for commit:
  (use "git add <file>..." to update what will be committed)
  (use "git restore <file>..." to discard changes in working directory)
        modified:   index.html

no changes added to commit (use "git add" and/or "git commit -a")
neevlalwani@neevs-MacBook-Air git-repo % git diff
diff --git a/index.html b/index.html
index d01f779..5583495 100644
--- a/index.html
+++ b/index.html
@@ -6,6 +6,6 @@
     <title>Document</title>
 </head>
 <body>
-    
+    <h1>this is version v2</h1>
 </body>
 </html>
\ No newline at end of file
neevlalwani@neevs-MacBook-Air git-repo % git add inde
x.html
neevlalwani@neevs-MacBook-Air git-repo % git status
On branch main
Changes to be committed:
  (use "git restore --staged <file>..." to unstage)
        modified:   index.html

neevlalwani@neevs-MacBook-Air git-repo % git log
commit 9c1c82ba68e3981eb329db193236d47a4f57fbec (HEAD -> main)
Author: neev lalwani <neevlalwani@neevs-MacBook-Air.local>
Date:   Wed May 28 19:08:18 2025 +0530

    First v1 of index.html
neevlalwani@neevs-MacBook-Air git-repo % git add inde
x.html
neevlalwani@neevs-MacBook-Air git-repo % git commit -
m "this is v2"
[main 43d57b2] this is v2
 Committer: neev lalwani <neevlalwani@neevs-MacBook-Air.local>
Your name and email address were configured automatically based
on your username and hostname. Please check that they are accurate.
You can suppress this message by setting them explicitly. Run the
following command and follow the instructions in your editor to edit
your configuration file:

    git config --global --edit

After doing this, you may fix the identity used for this commit with:

    git commit --amend --reset-author

 1 file changed, 1 insertion(+), 1 deletion(-)
neevlalwani@neevs-MacBook-Air git-repo % git log
commit 43d57b2d1d6582a9075f20cc45218a6ba2a4d534 (HEAD -> main)
Author: neev lalwani <neevlalwani@neevs-MacBook-Air.local>
Date:   Wed May 28 19:39:59 2025 +0530

    this is v2

commit 9c1c82ba68e3981eb329db193236d47a4f57fbec
Author: neev lalwani <neevlalwani@neevs-MacBook-Air.local>
Date:   Wed May 28 19:08:18 2025 +0530

    First v1 of index.html
neevlalwani@neevs-MacBook-Air git-repo % 